error: only named fields are supported to derive AssetCollection
 --> $DIR/tuple.rs:7:12
  |
7 | struct Test(usize);
  |            ^^^^^^^
