error: You can only specify one of 'folder' or 'path'
 --> $DIR/folder_and_path.rs:8:5
  |
8 | /     #[asset(path = "test.ogg", folder = "test")]
9 | |     test: Handle<AudioSource>,
  | |_____________________________^
