error: The 'key' attribute cannot be combined with any other asset defining attributes
 --> $DIR/key_and_any_other_attribute.rs:8:5
  |
8 | /     #[asset(path = "test.ogg", key = "test")]
9 | |     test: Handle<AudioSource>,
  | |_____________________________^

error: The 'key' attribute cannot be combined with any other asset defining attributes
  --> $DIR/key_and_any_other_attribute.rs:14:5
   |
14 | /     #[asset(folder = "folder", key = "test")]
15 | |     test: Handle<AudioSource>,
   | |_____________________________^

error: The 'key' attribute cannot be combined with any other asset defining attributes
  --> $DIR/key_and_any_other_attribute.rs:20:5
   |
20 | /     #[asset(standard_material)]
21 | |     #[asset(key = "test")]
22 | |     test: Handle<StandardMaterial>,
   | |__________________________________^

error: The 'key' attribute cannot be combined with any other asset defining attributes
  --> $DIR/key_and_any_other_attribute.rs:27:5
   |
27 | /     #[asset(texture_atlas(tile_size_x = 100., tile_size_y = 100., columns = 1, rows = 1))]
28 | |     #[asset(key = "test")]
29 | |     test: Handle<TextureAtlas>,
   | |______________________________^
